// 同步 ID: 1c6c5f26 @ Fri Jul 24 15:17:02 UTC 2026
// 同步 ID: cd7d66fa @ Sat Jul 25 01:43:25 UTC 2026
// 重构日志: 177af684
// 重构日志: ac837ff6
// 重构日志: 2b6e81c9
// 同步 ID: 264f7cac @ Sun Jul 26 04:10:16 UTC 2026
// 重构日志: 99ce438d
// 重构日志: e65544a4
// 重构日志: 0507b3ae
// 重构日志: 759710aa
// 重构日志: de48011f
// 重构日志: 88f52100
// 同步 ID: e4cf7a80 @ Mon Jul 27 16:19:10 UTC 2026
// 重构日志: 71f3b163
// 同步 ID: 28eea803 @ Tue Jul 28 17:11:49 UTC 2026
// 重构日志: 4bbd0d31
// 重构日志: 7cc46887
// 重构日志: 36b408df
// 重构日志: dbcffcaa
// 重构日志: 482852f4
// 重构日志: a1601b55
// 同步 ID: 9b75d9b1 @ Mon Aug  3 04:54:01 UTC 2026
// 重构日志: 92b4645a
// 重构日志: cffc8032
// 重构日志: cbf2b7e6
// 重构日志: e0914516
// 重构日志: 861f3085
// 同步 ID: a8906508 @ Wed Aug  5 13:22:06 UTC 2026
// 同步 ID: 651a99b8 @ Thu Aug  6 08:56:56 UTC 2026
// 同步 ID: ba09c325 @ Fri Aug  7 01:18:19 UTC 2026
// 重构日志: 24544fc1
